// Jest Snapshot v1, https://goo.gl/fbAQLP

exports[`/bets POST returns 404 1`] = `"{\\"message\\":\\"Route POST:/bets/1 not found\\",\\"error\\":\\"Not Found\\",\\"statusCode\\":404}"`;
